// Jest Snapshot v1, https://goo.gl/fbAQLP

exports[`Dishes should render its content details 1`] = `
Array [
  <div
    className="py-4 flex cursor-pointer"
    data-testid="dishItems"
    onClick={[Function]}
  >
    <div
      className="w-9/12"
    >
      <p
        className="text-xl font-medium text-black semi-bold"
      >
         
        Dish1
      </p>
      <p
        className="text-gray pb-5"
      >
        Dish1 description
      </p>
      <p
        className="inline-block pr-3 text-black semi-bold"
      >
         AED 
        25
         
      </p>
      <p
        className="pb-5 inline-block line-through text-gray"
      >
        AED 
        50
      </p>
    </div>
    <div
      className="ml-auto"
    />
  </div>,
  <hr
    className="light-gray"
  />,
]
`;
